------------------------------------------------------------
TimeQuest Timing Analyzer Summary
------------------------------------------------------------

Type  : Slow Model Setup 'SW[8]'
Slack : -15.385
TNS   : -5094.644

Type  : Slow Model Setup 'clk_div:clkdiv_inst|clock_25MHz'
Slack : -6.834
TNS   : -3515.540

Type  : Slow Model Setup 'CLOCK_50'
Slack : -5.869
TNS   : -63.649

Type  : Slow Model Setup 'clk_div:clkdiv_inst|clock_100Hz'
Slack : -2.525
TNS   : -5.050

Type  : Slow Model Setup 'ps2kbd:ps2_kbd_inst|keyboard:kbd_inst|keyboard_clk_filtered'
Slack : -2.466
TNS   : -45.668

Type  : Slow Model Setup 'clk_div:clkdiv_inst|clock_25Mhz_int'
Slack : -0.955
TNS   : -5.012

Type  : Slow Model Setup 'clk_div:clkdiv_inst|clock_1Khz_int'
Slack : -0.435
TNS   : -0.882

Type  : Slow Model Setup 'clk_div:clkdiv_inst|clock_1Mhz_int'
Slack : -0.425
TNS   : -0.836

Type  : Slow Model Setup 'clk_div:clkdiv_inst|clock_100Khz_int'
Slack : -0.267
TNS   : -0.713

Type  : Slow Model Setup 'clk_div:clkdiv_inst|clock_10Khz_int'
Slack : -0.267
TNS   : -0.713

Type  : Slow Model Hold 'CLOCK_50'
Slack : -2.703
TNS   : -7.867

Type  : Slow Model Hold 'clk_div:clkdiv_inst|clock_10Khz_int'
Slack : -2.302
TNS   : -2.302

Type  : Slow Model Hold 'clk_div:clkdiv_inst|clock_1Mhz_int'
Slack : -2.263
TNS   : -2.263

Type  : Slow Model Hold 'ps2kbd:ps2_kbd_inst|keyboard:kbd_inst|keyboard_clk_filtered'
Slack : -2.255
TNS   : -2.255

Type  : Slow Model Hold 'SW[8]'
Slack : -2.162
TNS   : -24.476

Type  : Slow Model Hold 'clk_div:clkdiv_inst|clock_100Khz_int'
Slack : -2.129
TNS   : -2.129

Type  : Slow Model Hold 'clk_div:clkdiv_inst|clock_1Khz_int'
Slack : 0.445
TNS   : 0.000

Type  : Slow Model Hold 'clk_div:clkdiv_inst|clock_25MHz'
Slack : 0.445
TNS   : 0.000

Type  : Slow Model Hold 'clk_div:clkdiv_inst|clock_100Hz'
Slack : 0.617
TNS   : 0.000

Type  : Slow Model Hold 'clk_div:clkdiv_inst|clock_25Mhz_int'
Slack : 0.640
TNS   : 0.000

Type  : Slow Model Recovery 'ps2kbd:ps2_kbd_inst|keyboard:kbd_inst|ready_set'
Slack : -2.017
TNS   : -2.017

Type  : Slow Model Removal 'ps2kbd:ps2_kbd_inst|keyboard:kbd_inst|ready_set'
Slack : 2.769
TNS   : 0.000

Type  : Slow Model Minimum Pulse Width 'clk_div:clkdiv_inst|clock_25MHz'
Slack : -2.064
TNS   : -2334.788

Type  : Slow Model Minimum Pulse Width 'SW[8]'
Slack : -2.064
TNS   : -1495.845

Type  : Slow Model Minimum Pulse Width 'CLOCK_50'
Slack : -1.631
TNS   : -60.287

Type  : Slow Model Minimum Pulse Width 'ps2kbd:ps2_kbd_inst|keyboard:kbd_inst|keyboard_clk_filtered'
Slack : -0.611
TNS   : -28.106

Type  : Slow Model Minimum Pulse Width 'clk_div:clkdiv_inst|clock_25Mhz_int'
Slack : -0.611
TNS   : -7.332

Type  : Slow Model Minimum Pulse Width 'clk_div:clkdiv_inst|clock_100Khz_int'
Slack : -0.611
TNS   : -4.888

Type  : Slow Model Minimum Pulse Width 'clk_div:clkdiv_inst|clock_10Khz_int'
Slack : -0.611
TNS   : -4.888

Type  : Slow Model Minimum Pulse Width 'clk_div:clkdiv_inst|clock_1Khz_int'
Slack : -0.611
TNS   : -4.888

Type  : Slow Model Minimum Pulse Width 'clk_div:clkdiv_inst|clock_1Mhz_int'
Slack : -0.611
TNS   : -4.888

Type  : Slow Model Minimum Pulse Width 'clk_div:clkdiv_inst|clock_100Hz'
Slack : -0.611
TNS   : -2.444

Type  : Slow Model Minimum Pulse Width 'ps2kbd:ps2_kbd_inst|keyboard:kbd_inst|ready_set'
Slack : -0.611
TNS   : -1.222

Type  : Fast Model Setup 'SW[8]'
Slack : -5.167
TNS   : -1615.123

Type  : Fast Model Setup 'clk_div:clkdiv_inst|clock_25MHz'
Slack : -2.493
TNS   : -1123.028

Type  : Fast Model Setup 'CLOCK_50'
Slack : -1.492
TNS   : -12.632

Type  : Fast Model Setup 'clk_div:clkdiv_inst|clock_100Hz'
Slack : -0.443
TNS   : -0.886

Type  : Fast Model Setup 'ps2kbd:ps2_kbd_inst|keyboard:kbd_inst|keyboard_clk_filtered'
Slack : -0.411
TNS   : -5.280

Type  : Fast Model Setup 'clk_div:clkdiv_inst|clock_25Mhz_int'
Slack : 0.157
TNS   : 0.000

Type  : Fast Model Setup 'clk_div:clkdiv_inst|clock_1Khz_int'
Slack : 0.439
TNS   : 0.000

Type  : Fast Model Setup 'clk_div:clkdiv_inst|clock_1Mhz_int'
Slack : 0.444
TNS   : 0.000

Type  : Fast Model Setup 'clk_div:clkdiv_inst|clock_100Khz_int'
Slack : 0.505
TNS   : 0.000

Type  : Fast Model Setup 'clk_div:clkdiv_inst|clock_10Khz_int'
Slack : 0.505
TNS   : 0.000

Type  : Fast Model Hold 'CLOCK_50'
Slack : -1.730
TNS   : -5.451

Type  : Fast Model Hold 'clk_div:clkdiv_inst|clock_10Khz_int'
Slack : -1.457
TNS   : -1.457

Type  : Fast Model Hold 'clk_div:clkdiv_inst|clock_1Mhz_int'
Slack : -1.424
TNS   : -1.424

Type  : Fast Model Hold 'ps2kbd:ps2_kbd_inst|keyboard:kbd_inst|keyboard_clk_filtered'
Slack : -1.414
TNS   : -1.414

Type  : Fast Model Hold 'clk_div:clkdiv_inst|clock_100Khz_int'
Slack : -1.408
TNS   : -1.408

Type  : Fast Model Hold 'SW[8]'
Slack : -0.871
TNS   : -10.421

Type  : Fast Model Hold 'clk_div:clkdiv_inst|clock_1Khz_int'
Slack : 0.215
TNS   : 0.000

Type  : Fast Model Hold 'clk_div:clkdiv_inst|clock_25MHz'
Slack : 0.215
TNS   : 0.000

Type  : Fast Model Hold 'clk_div:clkdiv_inst|clock_100Hz'
Slack : 0.242
TNS   : 0.000

Type  : Fast Model Hold 'clk_div:clkdiv_inst|clock_25Mhz_int'
Slack : 0.251
TNS   : 0.000

Type  : Fast Model Recovery 'ps2kbd:ps2_kbd_inst|keyboard:kbd_inst|ready_set'
Slack : -0.895
TNS   : -0.895

Type  : Fast Model Removal 'ps2kbd:ps2_kbd_inst|keyboard:kbd_inst|ready_set'
Slack : 1.775
TNS   : 0.000

Type  : Fast Model Minimum Pulse Width 'clk_div:clkdiv_inst|clock_25MHz'
Slack : -1.880
TNS   : -1929.776

Type  : Fast Model Minimum Pulse Width 'SW[8]'
Slack : -1.880
TNS   : -1318.860

Type  : Fast Model Minimum Pulse Width 'CLOCK_50'
Slack : -1.380
TNS   : -49.380

Type  : Fast Model Minimum Pulse Width 'ps2kbd:ps2_kbd_inst|keyboard:kbd_inst|keyboard_clk_filtered'
Slack : -0.500
TNS   : -23.000

Type  : Fast Model Minimum Pulse Width 'clk_div:clkdiv_inst|clock_25Mhz_int'
Slack : -0.500
TNS   : -6.000

Type  : Fast Model Minimum Pulse Width 'clk_div:clkdiv_inst|clock_100Khz_int'
Slack : -0.500
TNS   : -4.000

Type  : Fast Model Minimum Pulse Width 'clk_div:clkdiv_inst|clock_10Khz_int'
Slack : -0.500
TNS   : -4.000

Type  : Fast Model Minimum Pulse Width 'clk_div:clkdiv_inst|clock_1Khz_int'
Slack : -0.500
TNS   : -4.000

Type  : Fast Model Minimum Pulse Width 'clk_div:clkdiv_inst|clock_1Mhz_int'
Slack : -0.500
TNS   : -4.000

Type  : Fast Model Minimum Pulse Width 'clk_div:clkdiv_inst|clock_100Hz'
Slack : -0.500
TNS   : -2.000

Type  : Fast Model Minimum Pulse Width 'ps2kbd:ps2_kbd_inst|keyboard:kbd_inst|ready_set'
Slack : -0.500
TNS   : -1.000

------------------------------------------------------------
